Baseline established. Avg Spending: 100.0

--- Test: New Location ---
Risk Level: Low Risk, Score: 12.88
Reasons: ['Transaction from a new location: London.']

--- Test: High Amount ---
Risk Level: High Risk, Score: 68.53
Reasons: ['Statistical anomaly: Amount deviates 400% from user average.', 'Transaction amount (500.0) is more than 3x the user average (100.0).']

--- Test: High Frequency ---
Risk Level: Low Risk, Score: 0.2
Reasons: []

--- Test: Combined Risk (New Loc + High Amount) ---
Risk Level: High Risk, Score: 91.46
Reasons: ['Transaction from a new location: Paris.', 'Statistical anomaly: Amount deviates 900% from user average.', 'Transaction amount (1000.0) is more than 3x the user average (100.0).']
